READY interface=feth1 profile=clean dns=wget.stage12.test http=80
FRAME ARP bytes=60
ARP service
FRAME ARP bytes=60
ARP service
FRAME ARP bytes=60
ARP service
FRAME DNS bytes=93
DNS name=wget.stage12.test
FRAME SYNACK bytes=60
SYN port=59255 mss=536
FRAME HTTP bytes=590
FRAME HTTP bytes=590
FRAME HTTP bytes=590
FRAME HTTP bytes=590
FRAME HTTP bytes=590
HTTP target=/LARGE.BIN range=no
FRAME HTTP bytes=590
FRAME HTTP bytes=590
FRAME HTTP bytes=590
FRAME HTTP bytes=590
FRAME HTTP bytes=590
FRAME HTTP bytes=590
FRAME HTTP bytes=590
FRAME HTTP bytes=590
FRAME HTTP bytes=590
FRAME HTTP bytes=590
FRAME HTTP bytes=590
FRAME HTTP bytes=590
FRAME HTTP bytes=590
FRAME HTTP bytes=590
FRAME HTTP bytes=590
FRAME HTTP bytes=590
FRAME HTTP bytes=590
FRAME HTTP bytes=590
FRAME HTTP bytes=590
FRAME HTTP bytes=590
FRAME HTTP bytes=590
FRAME HTTP bytes=590
FRAME HTTP bytes=590
FRAME HTTP bytes=590
FRAME HTTP bytes=590
FRAME HTTP bytes=590
FRAME HTTP bytes=590
FRAME HTTP bytes=590
FRAME HTTP bytes=590
FRAME HTTP bytes=590
FRAME HTTP bytes=590
FRAME HTTP bytes=590
FRAME HTTP bytes=590
FRAME HTTP bytes=590
FRAME HTTP bytes=590
FRAME HTTP bytes=590
FRAME HTTP bytes=590
FRAME HTTP bytes=590
FRAME HTTP bytes=590
FRAME HTTP bytes=590
FRAME HTTP bytes=590
FRAME HTTP bytes=590
FRAME HTTP bytes=590
FRAME HTTP bytes=590
FRAME HTTP bytes=590
FRAME HTTP bytes=590
FRAME HTTP bytes=590
FRAME HTTP bytes=590
FRAME HTTP bytes=590
FRAME HTTP bytes=590
FRAME HTTP bytes=590
FRAME HTTP bytes=590
FRAME HTTP bytes=590
FRAME HTTP bytes=590
FRAME HTTP bytes=590
FRAME HTTP bytes=590
FRAME HTTP bytes=590
FRAME HTTP bytes=590
FRAME HTTP bytes=590
FRAME HTTP bytes=590
FRAME HTTP bytes=590
FRAME HTTP bytes=590
FRAME HTTP bytes=590
FRAME HTTP bytes=590
FRAME HTTP bytes=590
FRAME HTTP bytes=590
FRAME HTTP bytes=590
FRAME HTTP bytes=590
FRAME HTTP bytes=590
FRAME HTTP bytes=590
FRAME HTTP bytes=590
FRAME HTTP bytes=590
FRAME HTTP bytes=590
FRAME HTTP bytes=590
FRAME HTTP bytes=590
FRAME HTTP bytes=590
FRAME HTTP bytes=590
FRAME HTTP bytes=590
FRAME HTTP bytes=590
FRAME HTTP bytes=590
FRAME HTTP bytes=590
FRAME HTTP bytes=590
FRAME HTTP bytes=590
FRAME HTTP bytes=590
FRAME HTTP bytes=590
FRAME HTTP bytes=590
FRAME HTTP bytes=590
FRAME HTTP bytes=590
FRAME HTTP bytes=590
FRAME HTTP bytes=590
FRAME HTTP bytes=590
FRAME HTTP bytes=590
FRAME HTTP bytes=590
FRAME HTTP bytes=590
FRAME HTTP bytes=590
FRAME HTTP bytes=590
FRAME HTTP bytes=590
FRAME HTTP bytes=590
FRAME HTTP bytes=590
FRAME HTTP bytes=590
FRAME HTTP bytes=590
FRAME HTTP bytes=590
FRAME HTTP bytes=590
FRAME HTTP bytes=590
FRAME HTTP bytes=590
FRAME HTTP bytes=590
FRAME HTTP bytes=590
FRAME HTTP bytes=590
FRAME HTTP bytes=590
FRAME HTTP bytes=590
FRAME HTTP bytes=590
FRAME HTTP bytes=590
FRAME HTTP bytes=590
FRAME HTTP bytes=590
FRAME HTTP bytes=590
FRAME HTTP bytes=590
FRAME HTTP bytes=590
FRAME HTTP bytes=590
FRAME HTTP bytes=590
FRAME HTTP bytes=590
FRAME HTTP bytes=590
FRAME HTTP bytes=590
FRAME HTTP bytes=590
FRAME HTTP bytes=590
FRAME HTTP bytes=590
FRAME HTTP bytes=417
